[2026-09-19 04:12:34,544] INFO django.utils.autoreload autoreload: Watching for file changes with StatReloader
[2026-09-19 10:50:40,116] INFO django.utils.autoreload autoreload: C:\Users\Legion RTX\Desktop\WorkFlow-Pro\backend\apps\accounts\views.py changed, reloading.
[2026-09-19 10:50:44,428] INFO django.utils.autoreload autoreload: Watching for file changes with StatReloader
[2026-09-19 10:52:45,407] INFO django.server basehttp: "GET /api/auth/me/ HTTP/1.1" 200 197
[2026-09-19 10:52:53,752] INFO django.server basehttp: "GET /api/auth/me/ HTTP/1.1" 200 197
[2026-09-19 10:53:10,355] INFO django.server basehttp: "GET /api/dashboard/summary/ HTTP/1.1" 200 1834
[2026-09-19 11:01:43,932] WARNING django.server basehttp: "GET /api/auth/users/ HTTP/1.1" 401 198
[2026-09-19 11:01:43,933] WARNING django.server basehttp: "GET /api/auth/users/active/ HTTP/1.1" 401 198
[2026-09-19 11:02:00,515] INFO django.server basehttp: "POST /api/auth/refresh/ HTTP/1.1" 200 489
[2026-09-19 11:02:08,830] INFO django.server basehttp: "GET /api/auth/users/active/ HTTP/1.1" 200 405
[2026-09-19 11:02:08,840] INFO django.server basehttp: "GET /api/auth/users/ HTTP/1.1" 200 455
[2026-09-19 11:03:00,529] INFO apps.accounts views: Admin=admin created user=arslan123 role=employee
[2026-09-19 11:03:00,533] INFO django.server basehttp: "POST /api/auth/users/ HTTP/1.1" 201 202
[2026-09-19 11:03:08,800] INFO django.server basehttp: "GET /api/auth/users/active/ HTTP/1.1" 200 608
[2026-09-19 11:03:08,810] INFO django.server basehttp: "GET /api/auth/users/ HTTP/1.1" 200 658
[2026-09-19 11:03:59,297] INFO apps.accounts views: Admin=admin created user=usman123 role=employee
[2026-09-19 11:03:59,300] INFO django.server basehttp: "POST /api/auth/users/ HTTP/1.1" 201 199
[2026-09-19 11:04:07,605] INFO django.server basehttp: "GET /api/auth/users/active/ HTTP/1.1" 200 808
[2026-09-19 11:04:07,609] INFO django.server basehttp: "GET /api/auth/users/ HTTP/1.1" 200 858
[2026-09-19 11:05:03,166] INFO apps.accounts views: Admin=admin created user=aliraza123 role=employee
[2026-09-19 11:05:03,171] INFO django.server basehttp: "POST /api/auth/users/ HTTP/1.1" 201 197
[2026-09-19 11:05:11,454] INFO django.server basehttp: "GET /api/auth/users/active/ HTTP/1.1" 200 1006
[2026-09-19 11:05:11,472] INFO django.server basehttp: "GET /api/auth/users/ HTTP/1.1" 200 1056
[2026-09-19 11:14:41,394] INFO django.utils.autoreload autoreload: C:\Users\Legion RTX\Desktop\WorkFlow-Pro\backend\apps\projects\serializers.py changed, reloading.
[2026-09-19 11:14:45,314] INFO django.utils.autoreload autoreload: Watching for file changes with StatReloader
[2026-09-19 11:16:18,430] INFO django.utils.autoreload autoreload: C:\Users\Legion RTX\Desktop\WorkFlow-Pro\backend\apps\projects\views.py changed, reloading.
[2026-09-19 11:16:20,787] INFO django.utils.autoreload autoreload: Watching for file changes with StatReloader
[2026-09-19 11:22:03,500] WARNING django.server basehttp: "GET /api/auth/me/ HTTP/1.1" 401 198
[2026-09-19 11:22:03,546] WARNING django.server basehttp: "GET /api/auth/me/ HTTP/1.1" 401 198
[2026-09-19 11:22:37,603] WARNING django.server basehttp: "POST /api/auth/refresh/ HTTP/1.1" 401 80
[2026-09-19 11:23:56,589] INFO django.utils.autoreload autoreload: C:\Users\Legion RTX\Desktop\WorkFlow-Pro\backend\apps\analytics\services.py changed, reloading.
[2026-09-19 11:23:59,544] INFO django.utils.autoreload autoreload: Watching for file changes with StatReloader
[2026-09-19 11:28:35,105] INFO django.utils.autoreload autoreload: C:\Users\Legion RTX\Desktop\WorkFlow-Pro\backend\apps\analytics\services.py changed, reloading.
[2026-09-19 11:28:38,926] INFO django.utils.autoreload autoreload: Watching for file changes with StatReloader
[2026-09-19 11:29:39,943] INFO django.utils.autoreload autoreload: C:\Users\Legion RTX\Desktop\WorkFlow-Pro\backend\apps\analytics\services.py changed, reloading.
[2026-09-19 11:29:42,833] INFO django.utils.autoreload autoreload: Watching for file changes with StatReloader
[2026-09-19 11:37:32,418] INFO django.utils.autoreload autoreload: C:\Users\Legion RTX\Desktop\WorkFlow-Pro\backend\apps\accounts\views.py changed, reloading.
[2026-09-19 11:37:35,410] INFO django.utils.autoreload autoreload: Watching for file changes with StatReloader
[2026-09-19 11:46:17,349] INFO django.utils.autoreload autoreload: C:\Users\Legion RTX\Desktop\WorkFlow-Pro\backend\apps\analytics\services.py changed, reloading.
[2026-09-19 11:46:19,887] INFO django.utils.autoreload autoreload: Watching for file changes with StatReloader
[2026-09-19 11:46:54,769] INFO django.utils.autoreload autoreload: C:\Users\Legion RTX\Desktop\WorkFlow-Pro\backend\apps\analytics\services.py changed, reloading.
[2026-09-19 11:46:57,079] INFO django.utils.autoreload autoreload: Watching for file changes with StatReloader
[2026-09-19 11:47:17,591] INFO django.utils.autoreload autoreload: C:\Users\Legion RTX\Desktop\WorkFlow-Pro\backend\apps\analytics\services.py changed, reloading.
[2026-09-19 11:47:19,916] INFO django.utils.autoreload autoreload: Watching for file changes with StatReloader
[2026-09-19 11:52:21,451] INFO django.utils.autoreload autoreload: C:\Users\Legion RTX\Desktop\WorkFlow-Pro\backend\apps\projects\views.py changed, reloading.
[2026-09-19 11:52:23,534] INFO django.utils.autoreload autoreload: Watching for file changes with StatReloader
[2026-09-19 12:32:17,122] INFO django.utils.autoreload autoreload: C:\Users\Legion RTX\Desktop\WorkFlow-Pro\backend\apps\accounts\admin.py changed, reloading.
[2026-09-19 12:32:21,769] INFO django.utils.autoreload autoreload: Watching for file changes with StatReloader
[2026-09-19 12:33:23,780] INFO django.utils.autoreload autoreload: C:\Users\Legion RTX\Desktop\WorkFlow-Pro\backend\config\settings.py changed, reloading.
[2026-09-19 12:33:26,434] INFO django.utils.autoreload autoreload: Watching for file changes with StatReloader
[2026-09-19 12:33:39,527] INFO django.utils.autoreload autoreload: C:\Users\Legion RTX\Desktop\WorkFlow-Pro\backend\config\settings.py changed, reloading.
[2026-09-19 12:33:42,355] INFO django.utils.autoreload autoreload: Watching for file changes with StatReloader
[2026-09-19 13:24:43,896] INFO django.utils.autoreload autoreload: C:\Users\Legion RTX\Desktop\WorkFlow-Pro\backend\apps\tasks\serializers.py changed, reloading.
[2026-09-19 13:24:47,368] INFO django.utils.autoreload autoreload: Watching for file changes with StatReloader
[2026-09-19 13:25:45,498] INFO django.utils.autoreload autoreload: C:\Users\Legion RTX\Desktop\WorkFlow-Pro\backend\apps\tasks\serializers.py changed, reloading.
[2026-09-19 13:25:47,977] INFO django.utils.autoreload autoreload: Watching for file changes with StatReloader
[2026-09-19 13:59:04,373] INFO apps.accounts views: User=admin logged in
[2026-09-19 13:59:04,410] INFO django.server basehttp: "POST /api/auth/login/ HTTP/1.1" 200 694
[2026-09-19 13:59:20,880] INFO django.server basehttp: "GET /api/dashboard/summary/ HTTP/1.1" 200 1866
[2026-09-19 13:59:54,007] INFO django.server basehttp: "GET /api/auth/users/active/ HTTP/1.1" 200 1402
[2026-09-19 13:59:54,024] INFO django.server basehttp: "GET /api/auth/users/ HTTP/1.1" 200 1452
[2026-09-19 14:00:35,894] INFO django.server basehttp: "GET /api/auth/users/active/ HTTP/1.1" 200 1402
[2026-09-19 14:00:35,900] INFO django.server basehttp: "GET /api/tasks/?page=1 HTTP/1.1" 200 3054
[2026-09-19 14:00:35,928] INFO django.server basehttp: "GET /api/projects/?page_size=100 HTTP/1.1" 200 2654
[2026-09-19 14:00:54,077] INFO django.server basehttp: "PATCH /api/tasks/5/ HTTP/1.1" 200 438
[2026-09-19 14:01:02,480] INFO django.server basehttp: "GET /api/tasks/?page=1 HTTP/1.1" 200 3061
[2026-09-19 14:01:02,494] INFO django.server basehttp: "GET /api/projects/?page_size=100 HTTP/1.1" 200 2654
[2026-09-19 14:01:11,167] INFO django.server basehttp: "PATCH /api/tasks/4/ HTTP/1.1" 200 431
[2026-09-19 14:01:19,438] INFO django.server basehttp: "GET /api/tasks/?page=1 HTTP/1.1" 200 3068
[2026-09-19 14:01:19,453] INFO django.server basehttp: "GET /api/projects/?page_size=100 HTTP/1.1" 200 2654
[2026-09-19 14:01:22,406] INFO django.server basehttp: "GET /api/projects/?page=1 HTTP/1.1" 200 2654
[2026-09-19 14:01:25,825] INFO apps.accounts views: User=admin logged out
[2026-09-19 14:01:25,825] INFO django.server basehttp: "POST /api/auth/logout/ HTTP/1.1" 204 0
[2026-09-19 14:01:51,789] INFO apps.accounts views: User=manager logged in
[2026-09-19 14:01:51,790] INFO django.server basehttp: "POST /api/auth/login/ HTTP/1.1" 200 702
[2026-09-19 14:02:06,053] INFO django.server basehttp: "GET /api/auth/users/active/ HTTP/1.1" 200 1402
[2026-09-19 14:02:06,123] INFO django.server basehttp: "GET /api/tasks/?page=1 HTTP/1.1" 200 3068
[2026-09-19 14:02:06,138] INFO django.server basehttp: "GET /api/projects/?page_size=100 HTTP/1.1" 200 2654
[2026-09-19 14:02:08,263] INFO django.server basehttp: "GET /api/dashboard/summary/ HTTP/1.1" 200 1856
[2026-09-19 14:02:14,579] INFO django.server basehttp: "PATCH /api/tasks/3/ HTTP/1.1" 200 431
[2026-09-19 14:02:22,839] INFO django.server basehttp: "GET /api/tasks/?page=1 HTTP/1.1" 200 3072
[2026-09-19 14:02:22,921] INFO django.server basehttp: "GET /api/projects/?page_size=100 HTTP/1.1" 200 2654
[2026-09-19 14:02:28,352] INFO django.server basehttp: "PATCH /api/tasks/2/ HTTP/1.1" 200 422
[2026-09-19 14:02:36,647] INFO django.server basehttp: "GET /api/tasks/?page=1 HTTP/1.1" 200 3077
[2026-09-19 14:02:36,665] INFO django.server basehttp: "GET /api/projects/?page_size=100 HTTP/1.1" 200 2654
[2026-09-19 14:03:00,992] INFO django.server basehttp: "PATCH /api/tasks/1/ HTTP/1.1" 200 421
[2026-09-19 14:03:09,243] INFO django.server basehttp: "GET /api/tasks/?page=1 HTTP/1.1" 200 3082
[2026-09-19 14:03:09,256] INFO django.server basehttp: "GET /api/projects/?page_size=100 HTTP/1.1" 200 2654
[2026-09-19 14:03:24,995] INFO django.server basehttp: "PATCH /api/tasks/7/ HTTP/1.1" 200 436
[2026-09-19 14:03:33,280] INFO django.server basehttp: "GET /api/projects/?page_size=100 HTTP/1.1" 200 2654
[2026-09-19 14:03:33,334] INFO django.server basehttp: "GET /api/tasks/?page=1 HTTP/1.1" 200 3081
[2026-09-19 14:03:43,831] INFO apps.accounts views: User=manager logged out
[2026-09-19 14:03:43,832] INFO django.server basehttp: "POST /api/auth/logout/ HTTP/1.1" 204 0
[2026-09-19 14:03:48,627] INFO django.server basehttp: "GET /api/dashboard/summary/ HTTP/1.1" 200 1852
[2026-09-19 14:03:50,625] WARNING apps.accounts views: Logout with invalid refresh token: Token is blacklisted
[2026-09-19 14:03:50,627] WARNING django.server basehttp: "POST /api/auth/logout/ HTTP/1.1" 400 73
[2026-09-19 14:04:07,761] INFO apps.accounts views: User=admin logged in
[2026-09-19 14:04:07,765] INFO django.server basehttp: "POST /api/auth/login/ HTTP/1.1" 200 694
[2026-09-19 14:04:31,960] INFO django.server basehttp: "GET /api/auth/users/active/ HTTP/1.1" 200 1402
[2026-09-19 14:04:31,966] INFO django.server basehttp: "GET /api/auth/users/ HTTP/1.1" 200 1452
[2026-09-19 14:05:19,455] INFO django.server basehttp: "PATCH /api/auth/users/12/ HTTP/1.1" 200 204
[2026-09-19 14:05:27,661] INFO django.server basehttp: "GET /api/auth/users/ HTTP/1.1" 200 1455
[2026-09-19 14:05:27,674] INFO django.server basehttp: "GET /api/auth/users/active/ HTTP/1.1" 200 1405
[2026-09-19 14:57:43,981] INFO django.server basehttp: "GET /api/auth/me/ HTTP/1.1" 200 197
[2026-09-19 14:59:15,658] WARNING django.server basehttp: "GET /api/auth/me/ HTTP/1.1" 401 198
[2026-09-19 14:59:15,713] WARNING django.server basehttp: "GET /api/auth/me/ HTTP/1.1" 401 198
[2026-09-19 14:59:36,171] INFO django.server basehttp: "POST /api/auth/refresh/ HTTP/1.1" 200 489
[2026-09-19 14:59:44,589] INFO django.server basehttp: "GET /api/auth/me/ HTTP/1.1" 200 197
[2026-09-19 14:59:52,905] INFO django.server basehttp: "GET /api/auth/me/ HTTP/1.1" 200 197
[2026-09-19 14:59:53,120] INFO django.server basehttp: "GET /api/auth/users/active/ HTTP/1.1" 200 1405
[2026-09-19 14:59:53,174] INFO django.server basehttp: "GET /api/auth/users/ HTTP/1.1" 200 1455
[2026-09-19 15:00:14,717] INFO django.server basehttp: "GET /api/projects/?page=1 HTTP/1.1" 200 2654
[2026-09-19 15:10:22,525] INFO django.server basehttp: "GET /api/projects/?status=planning&page=1 HTTP/1.1" 200 1034
[2026-09-19 15:10:34,842] INFO django.server basehttp: "GET /api/dashboard/summary/ HTTP/1.1" 200 1852
[2026-09-19 15:15:11,134] INFO apps.accounts views: User=admin logged in
[2026-09-19 15:15:11,143] INFO django.server basehttp: "POST /api/auth/login/ HTTP/1.1" 200 694
[2026-09-19 15:15:19,466] INFO django.server basehttp: "GET /api/projects/?page_size=100 HTTP/1.1" 200 2654
[2026-09-19 15:15:27,801] INFO django.server basehttp: "GET /api/projects/?page_size=100 HTTP/1.1" 200 2654
[2026-09-19 15:15:36,139] INFO django.server basehttp: "GET /api/projects/?page_size=100 HTTP/1.1" 200 2654
[2026-09-19 15:15:44,427] INFO django.server basehttp: "GET /api/tasks/?page_size=20 HTTP/1.1" 200 3083
[2026-09-19 15:15:52,772] INFO django.server basehttp: "GET /api/tasks/?page_size=20 HTTP/1.1" 200 3083
[2026-09-19 15:21:25,669] INFO apps.accounts views: User=admin logged in
[2026-09-19 15:21:25,675] INFO django.server basehttp: "POST /api/auth/login/ HTTP/1.1" 200 694
[2026-09-19 15:21:33,983] INFO django.server basehttp: "GET /api/projects/?page_size=100 HTTP/1.1" 200 2654
[2026-09-19 15:21:42,259] INFO django.server basehttp: "GET /api/projects/?page_size=100 HTTP/1.1" 200 2654
[2026-09-19 15:21:50,597] INFO django.server basehttp: "GET /api/projects/?page_size=100 HTTP/1.1" 200 2654
[2026-09-19 15:21:58,944] INFO django.server basehttp: "GET /api/tasks/?page_size=20 HTTP/1.1" 200 3083
[2026-09-19 15:22:07,232] INFO django.server basehttp: "GET /api/tasks/?page_size=20 HTTP/1.1" 200 3083
[2026-09-19 15:22:15,554] INFO django.server basehttp: "GET /api/tasks/?page_size=20 HTTP/1.1" 200 3083
[2026-09-19 15:22:23,765] INFO django.server basehttp: "GET /api/auth/users/active/ HTTP/1.1" 200 1405
[2026-09-19 15:22:32,070] INFO django.server basehttp: "GET /api/auth/users/active/ HTTP/1.1" 200 1405
[2026-09-19 15:22:40,395] INFO django.server basehttp: "GET /api/auth/users/active/ HTTP/1.1" 200 1405
[2026-09-19 15:22:56,921] INFO django.server basehttp: "GET /api/dashboard/summary/ HTTP/1.1" 200 1852
