[2026-09-19 16:29:13,151] INFO apps.accounts views: User=admin logged in
[2026-09-19 16:29:13,194] INFO django.server basehttp: "POST /api/auth/login/ HTTP/1.1" 200 694
[2026-09-19 16:29:29,905] INFO django.server basehttp: "GET /api/dashboard/summary/ HTTP/1.1" 200 1852
[2026-09-19 16:31:30,936] INFO django.server basehttp: "GET /api/schema/ HTTP/1.1" 200 43932
[2026-09-19 16:31:47,846] INFO apps.accounts views: User=admin logged in
[2026-09-19 16:31:47,851] INFO django.server basehttp: "POST /api/auth/login/ HTTP/1.1" 200 694
[2026-09-19 16:36:34,996] INFO apps.accounts views: User=admin logged in
[2026-09-19 16:36:35,009] INFO django.server basehttp: "POST /api/auth/login/ HTTP/1.1" 200 694
[2026-09-19 16:36:35,450] INFO django.server basehttp: "GET /api/schema/ HTTP/1.1" 200 43932
[2026-09-19 16:36:56,996] INFO apps.accounts views: User=admin logged out
[2026-09-19 16:36:57,000] INFO django.server basehttp: "POST /api/auth/logout/ HTTP/1.1" 204 0
[2026-09-19 16:37:06,477] INFO apps.accounts views: User=admin logged in
[2026-09-19 16:37:06,485] INFO django.server basehttp: "POST /api/auth/login/ HTTP/1.1" 200 694
[2026-09-19 16:37:06,784] INFO django.server basehttp: "GET /api/dashboard/summary/ HTTP/1.1" 200 1852
[2026-09-19 16:37:10,411] INFO django.server basehttp: "GET /api/projects/?page=1 HTTP/1.1" 200 2654
[2026-09-19 16:37:11,455] INFO django.server basehttp: "GET /api/tasks/?page=1 HTTP/1.1" 200 3083
[2026-09-19 16:37:11,487] INFO django.server basehttp: "GET /api/auth/users/active/ HTTP/1.1" 200 1405
[2026-09-19 16:37:11,549] INFO django.server basehttp: "GET /api/projects/?page_size=100 HTTP/1.1" 200 2654
[2026-09-19 16:37:12,775] INFO django.server basehttp: "GET /api/reports/tasks/?days=30 HTTP/1.1" 200 251
[2026-09-19 16:37:12,808] INFO django.server basehttp: "GET /api/reports/project-progress/ HTTP/1.1" 200 922
[2026-09-19 16:37:13,548] INFO django.server basehttp: "GET /api/auth/users/ HTTP/1.1" 200 1455
[2026-09-19 16:37:15,658] INFO apps.accounts views: User=admin logged out
[2026-09-19 16:37:15,661] INFO django.server basehttp: "POST /api/auth/logout/ HTTP/1.1" 204 0
[2026-09-19 16:37:24,463] INFO apps.accounts views: User=manager logged in
[2026-09-19 16:37:24,468] INFO django.server basehttp: "POST /api/auth/login/ HTTP/1.1" 200 702
[2026-09-19 16:37:29,146] INFO apps.accounts views: User=manager logged out
[2026-09-19 16:37:29,147] INFO django.server basehttp: "POST /api/auth/logout/ HTTP/1.1" 204 0
[2026-09-19 16:37:41,439] INFO apps.accounts views: User=arslan123 logged in
[2026-09-19 16:37:41,448] INFO django.server basehttp: "POST /api/auth/login/ HTTP/1.1" 200 699
[2026-09-19 16:37:41,662] INFO django.server basehttp: "GET /api/dashboard/summary/ HTTP/1.1" 200 1852
[2026-09-19 16:37:45,296] INFO django.server basehttp: "GET /api/projects/?page_size=100 HTTP/1.1" 200 2654
[2026-09-19 16:37:45,327] INFO django.server basehttp: "GET /api/auth/users/active/ HTTP/1.1" 200 1405
[2026-09-19 16:37:45,370] INFO django.server basehttp: "GET /api/tasks/?page=1 HTTP/1.1" 200 3083
[2026-09-19 16:37:46,005] INFO django.server basehttp: "GET /api/projects/?page=1 HTTP/1.1" 200 2654
[2026-09-19 16:37:50,288] INFO django.server basehttp: "GET /api/projects/?search=m&page=1 HTTP/1.1" 200 1379
[2026-09-19 16:37:54,663] INFO django.server basehttp: "GET /api/projects/?search=mo&page=1 HTTP/1.1" 200 1032
[2026-09-19 16:37:57,893] INFO django.server basehttp: "GET /api/projects/?search=mob&page=1 HTTP/1.1" 200 1032
[2026-09-19 16:38:01,238] INFO django.server basehttp: "GET /api/projects/?search=mobi&page=1 HTTP/1.1" 200 1032
[2026-09-19 16:38:09,865] INFO django.server basehttp: "GET /api/projects/?search=Internal+Knowledge+Base&page=1 HTTP/1.1" 200 692
[2026-09-19 16:38:13,253] INFO django.server basehttp: "GET /api/projects/?status=active&page=1 HTTP/1.1" 200 1671
[2026-09-19 16:38:14,030] INFO django.server basehttp: "GET /api/projects/?status=planning&page=1 HTTP/1.1" 200 1034
[2026-09-19 16:38:14,626] INFO django.server basehttp: "GET /api/projects/?status=on_hold&page=1 HTTP/1.1" 200 52
[2026-09-19 16:38:15,287] INFO django.server basehttp: "GET /api/projects/?status=completed&page=1 HTTP/1.1" 200 52
[2026-09-19 16:38:16,305] INFO django.server basehttp: "GET /api/projects/?page=1 HTTP/1.1" 200 2654
[2026-09-19 16:38:16,983] INFO django.server basehttp: "GET /api/auth/users/active/ HTTP/1.1" 200 1405
[2026-09-19 16:38:16,998] INFO django.server basehttp: "GET /api/projects/?page_size=100 HTTP/1.1" 200 2654
[2026-09-19 16:38:17,049] INFO django.server basehttp: "GET /api/tasks/?page=1 HTTP/1.1" 200 3083
[2026-09-19 16:38:17,383] INFO django.server basehttp: "GET /api/dashboard/summary/ HTTP/1.1" 200 1852
[2026-09-19 16:38:20,315] INFO apps.accounts views: User=arslan123 logged out
[2026-09-19 16:38:20,315] INFO django.server basehttp: "POST /api/auth/logout/ HTTP/1.1" 204 0
[2026-09-19 16:38:28,845] INFO apps.accounts views: User=admin logged in
[2026-09-19 16:38:28,872] INFO django.server basehttp: "POST /api/auth/login/ HTTP/1.1" 200 694
[2026-09-19 16:38:30,492] INFO django.server basehttp: "GET /api/auth/users/ HTTP/1.1" 200 1455
[2026-09-19 16:38:53,817] INFO django.server basehttp: "PATCH /api/auth/users/12/ HTTP/1.1" 200 197
[2026-09-19 16:38:54,012] INFO django.server basehttp: "GET /api/auth/users/ HTTP/1.1" 200 1448
[2026-09-19 16:38:54,012] INFO django.server basehttp: "GET /api/auth/users/active/ HTTP/1.1" 200 1398
[2026-09-19 16:39:29,861] INFO django.server basehttp: "GET /api/reports/project-progress/ HTTP/1.1" 200 922
[2026-09-19 16:39:29,901] INFO django.server basehttp: "GET /api/reports/tasks/?days=30 HTTP/1.1" 200 251
[2026-09-19 16:39:36,707] INFO django.server basehttp: "GET /api/auth/users/active/ HTTP/1.1" 200 1398
[2026-09-19 16:39:36,766] INFO django.server basehttp: "GET /api/tasks/?page=1 HTTP/1.1" 200 3081
[2026-09-19 16:39:36,793] INFO django.server basehttp: "GET /api/projects/?page_size=100 HTTP/1.1" 200 2654
[2026-09-19 16:39:47,006] WARNING django.server basehttp: "PATCH /api/tasks/4/ HTTP/1.1" 400 110
[2026-09-19 16:39:50,187] WARNING django.server basehttp: "PATCH /api/tasks/4/ HTTP/1.1" 400 110
[2026-09-19 16:40:19,792] INFO django.server basehttp: "GET /api/auth/users/active/ HTTP/1.1" 200 1398
[2026-09-19 16:40:19,815] INFO django.server basehttp: "GET /api/auth/users/ HTTP/1.1" 200 1448
[2026-09-19 16:40:26,562] INFO django.server basehttp: "GET /api/tasks/?page=1 HTTP/1.1" 200 3081
[2026-09-19 16:40:26,574] INFO django.server basehttp: "GET /api/projects/?page_size=100 HTTP/1.1" 200 2654
[2026-09-19 16:40:30,098] INFO django.server basehttp: "GET /api/tasks/?assigned_to=9&page=1 HTTP/1.1" 200 927
[2026-09-19 16:40:41,267] WARNING django.server basehttp: "PATCH /api/tasks/7/ HTTP/1.1" 400 127
[2026-09-19 16:40:49,074] WARNING django.server basehttp: "PATCH /api/tasks/7/ HTTP/1.1" 400 127
[2026-09-19 16:41:26,366] WARNING django.server basehttp: "PATCH /api/tasks/7/ HTTP/1.1" 400 127
[2026-09-19 16:42:52,304] INFO django.server basehttp: "GET /api/auth/me/ HTTP/1.1" 200 197
[2026-09-19 16:42:52,416] INFO django.server basehttp: "GET /api/auth/me/ HTTP/1.1" 200 197
[2026-09-19 16:42:54,060] INFO django.server basehttp: "GET /api/auth/users/active/ HTTP/1.1" 200 1398
[2026-09-19 16:42:54,127] INFO django.server basehttp: "GET /api/tasks/?assigned_to=9&page=1 HTTP/1.1" 200 927
[2026-09-19 16:42:54,134] INFO django.server basehttp: "GET /api/projects/?page_size=100 HTTP/1.1" 200 2654
[2026-09-19 16:43:01,412] WARNING django.server basehttp: "PATCH /api/tasks/7/ HTTP/1.1" 400 127
[2026-09-19 16:44:01,158] ERROR django.security.DisallowedHost log: Invalid HTTP_HOST header: '127.0.0.1:8000'. You may need to add '127.0.0.1' to ALLOWED_HOSTS.
Traceback (most recent call last):
  File "C:\Users\Legion RTX\Desktop\WorkFlow-Pro\backend\.venv\Lib\site-packages\django\core\handlers\exception.py", line 55, in inner
    response = get_response(request)
               ^^^^^^^^^^^^^^^^^^^^^
  File "C:\Users\Legion RTX\Desktop\WorkFlow-Pro\backend\.venv\Lib\site-packages\django\utils\deprecation.py", line 119, in __call__
    response = self.process_request(request)
               ^^^^^^^^^^^^^^^^^^^^^^^^^^^^^
  File "C:\Users\Legion RTX\Desktop\WorkFlow-Pro\backend\.venv\Lib\site-packages\django\middleware\common.py", line 48, in process_request
    host = request.get_host()
           ^^^^^^^^^^^^^^^^^^
  File "C:\Users\Legion RTX\Desktop\WorkFlow-Pro\backend\.venv\Lib\site-packages\django\http\request.py", line 203, in get_host
    raise DisallowedHost(msg)
django.core.exceptions.DisallowedHost: Invalid HTTP_HOST header: '127.0.0.1:8000'. You may need to add '127.0.0.1' to ALLOWED_HOSTS.
[2026-09-19 16:44:01,184] WARNING django.server basehttp: "GET / HTTP/1.1" 400 81634
[2026-09-19 16:44:01,420] ERROR django.security.DisallowedHost log: Invalid HTTP_HOST header: '127.0.0.1:8000'. You may need to add '127.0.0.1' to ALLOWED_HOSTS.
Traceback (most recent call last):
  File "C:\Users\Legion RTX\Desktop\WorkFlow-Pro\backend\.venv\Lib\site-packages\django\core\handlers\exception.py", line 55, in inner
    response = get_response(request)
               ^^^^^^^^^^^^^^^^^^^^^
  File "C:\Users\Legion RTX\Desktop\WorkFlow-Pro\backend\.venv\Lib\site-packages\django\utils\deprecation.py", line 119, in __call__
    response = self.process_request(request)
               ^^^^^^^^^^^^^^^^^^^^^^^^^^^^^
  File "C:\Users\Legion RTX\Desktop\WorkFlow-Pro\backend\.venv\Lib\site-packages\django\middleware\common.py", line 48, in process_request
    host = request.get_host()
           ^^^^^^^^^^^^^^^^^^
  File "C:\Users\Legion RTX\Desktop\WorkFlow-Pro\backend\.venv\Lib\site-packages\django\http\request.py", line 203, in get_host
    raise DisallowedHost(msg)
django.core.exceptions.DisallowedHost: Invalid HTTP_HOST header: '127.0.0.1:8000'. You may need to add '127.0.0.1' to ALLOWED_HOSTS.
[2026-09-19 16:44:01,422] WARNING django.server basehttp: "GET / HTTP/1.1" 400 81490
[2026-09-19 16:44:05,109] ERROR django.security.DisallowedHost log: Invalid HTTP_HOST header: '127.0.0.1:8000'. You may need to add '127.0.0.1' to ALLOWED_HOSTS.
Traceback (most recent call last):
  File "C:\Users\Legion RTX\Desktop\WorkFlow-Pro\backend\.venv\Lib\site-packages\django\core\handlers\exception.py", line 55, in inner
    response = get_response(request)
               ^^^^^^^^^^^^^^^^^^^^^
  File "C:\Users\Legion RTX\Desktop\WorkFlow-Pro\backend\.venv\Lib\site-packages\django\utils\deprecation.py", line 119, in __call__
    response = self.process_request(request)
               ^^^^^^^^^^^^^^^^^^^^^^^^^^^^^
  File "C:\Users\Legion RTX\Desktop\WorkFlow-Pro\backend\.venv\Lib\site-packages\django\middleware\common.py", line 48, in process_request
    host = request.get_host()
           ^^^^^^^^^^^^^^^^^^
  File "C:\Users\Legion RTX\Desktop\WorkFlow-Pro\backend\.venv\Lib\site-packages\django\http\request.py", line 203, in get_host
    raise DisallowedHost(msg)
django.core.exceptions.DisallowedHost: Invalid HTTP_HOST header: '127.0.0.1:8000'. You may need to add '127.0.0.1' to ALLOWED_HOSTS.
[2026-09-19 16:44:05,129] WARNING django.server basehttp: "GET /favicon.ico HTTP/1.1" 400 81415
[2026-09-19 16:44:11,390] ERROR django.security.DisallowedHost log: Invalid HTTP_HOST header: '127.0.0.1:8000'. You may need to add '127.0.0.1' to ALLOWED_HOSTS.
Traceback (most recent call last):
  File "C:\Users\Legion RTX\Desktop\WorkFlow-Pro\backend\.venv\Lib\site-packages\django\core\handlers\exception.py", line 55, in inner
    response = get_response(request)
               ^^^^^^^^^^^^^^^^^^^^^
  File "C:\Users\Legion RTX\Desktop\WorkFlow-Pro\backend\.venv\Lib\site-packages\django\utils\deprecation.py", line 119, in __call__
    response = self.process_request(request)
               ^^^^^^^^^^^^^^^^^^^^^^^^^^^^^
  File "C:\Users\Legion RTX\Desktop\WorkFlow-Pro\backend\.venv\Lib\site-packages\django\middleware\common.py", line 48, in process_request
    host = request.get_host()
           ^^^^^^^^^^^^^^^^^^
  File "C:\Users\Legion RTX\Desktop\WorkFlow-Pro\backend\.venv\Lib\site-packages\django\http\request.py", line 203, in get_host
    raise DisallowedHost(msg)
django.core.exceptions.DisallowedHost: Invalid HTTP_HOST header: '127.0.0.1:8000'. You may need to add '127.0.0.1' to ALLOWED_HOSTS.
[2026-09-19 16:44:11,395] WARNING django.server basehttp: "GET /admin HTTP/1.1" 400 81689
[2026-09-19 16:44:15,996] ERROR django.security.DisallowedHost log: Invalid HTTP_HOST header: '127.0.0.1:8000'. You may need to add '127.0.0.1' to ALLOWED_HOSTS.
Traceback (most recent call last):
  File "C:\Users\Legion RTX\Desktop\WorkFlow-Pro\backend\.venv\Lib\site-packages\django\core\handlers\exception.py", line 55, in inner
    response = get_response(request)
               ^^^^^^^^^^^^^^^^^^^^^
  File "C:\Users\Legion RTX\Desktop\WorkFlow-Pro\backend\.venv\Lib\site-packages\django\utils\deprecation.py", line 119, in __call__
    response = self.process_request(request)
               ^^^^^^^^^^^^^^^^^^^^^^^^^^^^^
  File "C:\Users\Legion RTX\Desktop\WorkFlow-Pro\backend\.venv\Lib\site-packages\django\middleware\common.py", line 48, in process_request
    host = request.get_host()
           ^^^^^^^^^^^^^^^^^^
  File "C:\Users\Legion RTX\Desktop\WorkFlow-Pro\backend\.venv\Lib\site-packages\django\http\request.py", line 203, in get_host
    raise DisallowedHost(msg)
django.core.exceptions.DisallowedHost: Invalid HTTP_HOST header: '127.0.0.1:8000'. You may need to add '127.0.0.1' to ALLOWED_HOSTS.
[2026-09-19 16:44:16,000] WARNING django.server basehttp: "GET /api/docs/ HTTP/1.1" 400 81711
[2026-09-19 16:44:16,712] ERROR django.security.DisallowedHost log: Invalid HTTP_HOST header: '127.0.0.1:8000'. You may need to add '127.0.0.1' to ALLOWED_HOSTS.
Traceback (most recent call last):
  File "C:\Users\Legion RTX\Desktop\WorkFlow-Pro\backend\.venv\Lib\site-packages\django\core\handlers\exception.py", line 55, in inner
    response = get_response(request)
               ^^^^^^^^^^^^^^^^^^^^^
  File "C:\Users\Legion RTX\Desktop\WorkFlow-Pro\backend\.venv\Lib\site-packages\django\utils\deprecation.py", line 119, in __call__
    response = self.process_request(request)
               ^^^^^^^^^^^^^^^^^^^^^^^^^^^^^
  File "C:\Users\Legion RTX\Desktop\WorkFlow-Pro\backend\.venv\Lib\site-packages\django\middleware\common.py", line 48, in process_request
    host = request.get_host()
           ^^^^^^^^^^^^^^^^^^
  File "C:\Users\Legion RTX\Desktop\WorkFlow-Pro\backend\.venv\Lib\site-packages\django\http\request.py", line 203, in get_host
    raise DisallowedHost(msg)
django.core.exceptions.DisallowedHost: Invalid HTTP_HOST header: '127.0.0.1:8000'. You may need to add '127.0.0.1' to ALLOWED_HOSTS.
[2026-09-19 16:44:16,718] WARNING django.server basehttp: "GET /favicon.ico HTTP/1.1" 400 81424
[2026-09-19 16:45:13,822] ERROR django.security.DisallowedHost log: Invalid HTTP_HOST header: '127.0.0.1:8000'. You may need to add '127.0.0.1' to ALLOWED_HOSTS.
Traceback (most recent call last):
  File "C:\Users\Legion RTX\Desktop\WorkFlow-Pro\backend\.venv\Lib\site-packages\django\core\handlers\exception.py", line 55, in inner
    response = get_response(request)
               ^^^^^^^^^^^^^^^^^^^^^
  File "C:\Users\Legion RTX\Desktop\WorkFlow-Pro\backend\.venv\Lib\site-packages\django\utils\deprecation.py", line 119, in __call__
    response = self.process_request(request)
               ^^^^^^^^^^^^^^^^^^^^^^^^^^^^^
  File "C:\Users\Legion RTX\Desktop\WorkFlow-Pro\backend\.venv\Lib\site-packages\django\middleware\common.py", line 48, in process_request
    host = request.get_host()
           ^^^^^^^^^^^^^^^^^^
  File "C:\Users\Legion RTX\Desktop\WorkFlow-Pro\backend\.venv\Lib\site-packages\django\http\request.py", line 203, in get_host
    raise DisallowedHost(msg)
django.core.exceptions.DisallowedHost: Invalid HTTP_HOST header: '127.0.0.1:8000'. You may need to add '127.0.0.1' to ALLOWED_HOSTS.
[2026-09-19 16:45:13,827] WARNING django.server basehttp: "GET /api/docs/ HTTP/1.1" 400 81848
[2026-09-19 16:45:15,125] ERROR django.security.DisallowedHost log: Invalid HTTP_HOST header: '127.0.0.1:8000'. You may need to add '127.0.0.1' to ALLOWED_HOSTS.
Traceback (most recent call last):
  File "C:\Users\Legion RTX\Desktop\WorkFlow-Pro\backend\.venv\Lib\site-packages\django\core\handlers\exception.py", line 55, in inner
    response = get_response(request)
               ^^^^^^^^^^^^^^^^^^^^^
  File "C:\Users\Legion RTX\Desktop\WorkFlow-Pro\backend\.venv\Lib\site-packages\django\utils\deprecation.py", line 119, in __call__
    response = self.process_request(request)
               ^^^^^^^^^^^^^^^^^^^^^^^^^^^^^
  File "C:\Users\Legion RTX\Desktop\WorkFlow-Pro\backend\.venv\Lib\site-packages\django\middleware\common.py", line 48, in process_request
    host = request.get_host()
           ^^^^^^^^^^^^^^^^^^
  File "C:\Users\Legion RTX\Desktop\WorkFlow-Pro\backend\.venv\Lib\site-packages\django\http\request.py", line 203, in get_host
    raise DisallowedHost(msg)
django.core.exceptions.DisallowedHost: Invalid HTTP_HOST header: '127.0.0.1:8000'. You may need to add '127.0.0.1' to ALLOWED_HOSTS.
[2026-09-19 16:45:15,127] WARNING django.server basehttp: "GET /favicon.ico HTTP/1.1" 400 81424
[2026-09-19 16:46:04,844] ERROR django.security.DisallowedHost log: Invalid HTTP_HOST header: '127.0.0.1:8000'. You may need to add '127.0.0.1' to ALLOWED_HOSTS.
Traceback (most recent call last):
  File "C:\Users\Legion RTX\Desktop\WorkFlow-Pro\backend\.venv\Lib\site-packages\django\core\handlers\exception.py", line 55, in inner
    response = get_response(request)
               ^^^^^^^^^^^^^^^^^^^^^
  File "C:\Users\Legion RTX\Desktop\WorkFlow-Pro\backend\.venv\Lib\site-packages\django\utils\deprecation.py", line 119, in __call__
    response = self.process_request(request)
               ^^^^^^^^^^^^^^^^^^^^^^^^^^^^^
  File "C:\Users\Legion RTX\Desktop\WorkFlow-Pro\backend\.venv\Lib\site-packages\django\middleware\common.py", line 48, in process_request
    host = request.get_host()
           ^^^^^^^^^^^^^^^^^^
  File "C:\Users\Legion RTX\Desktop\WorkFlow-Pro\backend\.venv\Lib\site-packages\django\http\request.py", line 203, in get_host
    raise DisallowedHost(msg)
django.core.exceptions.DisallowedHost: Invalid HTTP_HOST header: '127.0.0.1:8000'. You may need to add '127.0.0.1' to ALLOWED_HOSTS.
[2026-09-19 16:46:04,851] WARNING django.server basehttp: "GET /api/docs/ HTTP/1.1" 400 81848
[2026-09-19 16:46:05,952] ERROR django.security.DisallowedHost log: Invalid HTTP_HOST header: '127.0.0.1:8000'. You may need to add '127.0.0.1' to ALLOWED_HOSTS.
Traceback (most recent call last):
  File "C:\Users\Legion RTX\Desktop\WorkFlow-Pro\backend\.venv\Lib\site-packages\django\core\handlers\exception.py", line 55, in inner
    response = get_response(request)
               ^^^^^^^^^^^^^^^^^^^^^
  File "C:\Users\Legion RTX\Desktop\WorkFlow-Pro\backend\.venv\Lib\site-packages\django\utils\deprecation.py", line 119, in __call__
    response = self.process_request(request)
               ^^^^^^^^^^^^^^^^^^^^^^^^^^^^^
  File "C:\Users\Legion RTX\Desktop\WorkFlow-Pro\backend\.venv\Lib\site-packages\django\middleware\common.py", line 48, in process_request
    host = request.get_host()
           ^^^^^^^^^^^^^^^^^^
  File "C:\Users\Legion RTX\Desktop\WorkFlow-Pro\backend\.venv\Lib\site-packages\django\http\request.py", line 203, in get_host
    raise DisallowedHost(msg)
django.core.exceptions.DisallowedHost: Invalid HTTP_HOST header: '127.0.0.1:8000'. You may need to add '127.0.0.1' to ALLOWED_HOSTS.
[2026-09-19 16:46:05,956] WARNING django.server basehttp: "GET /favicon.ico HTTP/1.1" 400 81424
[2026-09-19 16:47:47,901] INFO django.server basehttp: "GET /api/docs/ HTTP/1.1" 200 4649
[2026-09-19 16:47:49,067] INFO django.server basehttp: "GET /api/schema/ HTTP/1.1" 200 87908
[2026-09-19 16:49:22,880] INFO django.server basehttp: "GET /api/projects/?page=1 HTTP/1.1" 200 2654
[2026-09-19 16:49:23,391] INFO django.server basehttp: "GET /api/dashboard/summary/ HTTP/1.1" 200 1852
[2026-09-19 16:49:26,073] INFO apps.accounts views: User=admin logged out
[2026-09-19 16:49:26,078] INFO django.server basehttp: "POST /api/auth/logout/ HTTP/1.1" 204 0
[2026-09-19 17:19:09,334] INFO django.server basehttp: "GET /api/docs/ HTTP/1.1" 200 4649
[2026-09-19 17:19:10,655] INFO django.server basehttp: "GET /api/schema/ HTTP/1.1" 200 87908
[2026-09-19 17:19:45,001] WARNING django.server basehttp: "POST /api/register HTTP/1.1" 404 7591
[2026-09-19 17:20:03,039] WARNING django.server basehttp: "GET /api/register HTTP/1.1" 404 7590
[2026-09-19 17:37:26,108] INFO apps.accounts views: User=admin logged in
[2026-09-19 17:37:26,521] INFO django.server basehttp: "POST /api/auth/login/ HTTP/1.1" 200 694
[2026-09-19 17:37:29,856] INFO django.server basehttp: "GET /api/dashboard/summary/ HTTP/1.1" 200 1852
[2026-09-19 17:38:27,080] INFO django.server basehttp: "GET /api/auth/me/ HTTP/1.1" 200 197
[2026-09-19 17:38:27,399] INFO django.server basehttp: "GET /api/auth/me/ HTTP/1.1" 200 197
[2026-09-19 17:38:28,122] INFO django.server basehttp: "GET /api/dashboard/summary/ HTTP/1.1" 200 1852
[2026-09-19 17:38:29,731] INFO django.server basehttp: "GET /api/reports/tasks/?days=30 HTTP/1.1" 200 251
[2026-09-19 17:38:29,753] INFO django.server basehttp: "GET /api/reports/project-progress/ HTTP/1.1" 200 922
[2026-09-19 17:38:30,908] INFO django.server basehttp: "GET /api/tasks/?page=1 HTTP/1.1" 200 3081
[2026-09-19 17:38:30,954] INFO django.server basehttp: "GET /api/auth/users/active/ HTTP/1.1" 200 1398
[2026-09-19 17:38:30,974] INFO django.server basehttp: "GET /api/projects/?page_size=100 HTTP/1.1" 200 2654
[2026-09-19 17:38:31,989] INFO django.server basehttp: "GET /api/projects/?page=1 HTTP/1.1" 200 2654
[2026-09-19 17:38:32,889] INFO django.server basehttp: "GET /api/auth/users/ HTTP/1.1" 200 1448
[2026-09-19 17:38:40,845] INFO apps.accounts views: User=admin logged out
[2026-09-19 17:38:40,848] INFO django.server basehttp: "POST /api/auth/logout/ HTTP/1.1" 204 0
[2026-09-19 17:40:29,537] INFO apps.accounts views: User=admin logged in
[2026-09-19 17:40:29,611] INFO django.server basehttp: "POST /api/auth/login/ HTTP/1.1" 200 694
[2026-09-19 17:40:30,815] INFO django.server basehttp: "GET /api/dashboard/summary/ HTTP/1.1" 200 1852
[2026-09-19 17:40:50,660] INFO django.server basehttp: "GET /api/auth/users/ HTTP/1.1" 200 1448
[2026-09-19 17:40:50,752] INFO django.server basehttp: "GET /api/auth/users/active/ HTTP/1.1" 200 1398
[2026-09-19 17:41:00,908] INFO django.server basehttp: "GET /api/projects/?page=1 HTTP/1.1" 200 2654
[2026-09-19 17:41:40,728] INFO django.server basehttp: "POST /api/projects/ HTTP/1.1" 201 338
[2026-09-19 17:41:41,413] INFO django.server basehttp: "GET /api/projects/?page=1 HTTP/1.1" 200 2993
[2026-09-19 17:41:48,852] INFO django.server basehttp: "DELETE /api/projects/6/ HTTP/1.1" 204 0
[2026-09-19 17:41:50,011] INFO django.server basehttp: "GET /api/projects/?page=1 HTTP/1.1" 200 2654
[2026-09-19 17:41:55,443] INFO django.server basehttp: "GET /api/auth/users/active/ HTTP/1.1" 200 1398
[2026-09-19 17:41:56,387] INFO django.server basehttp: "GET /api/tasks/?page=1 HTTP/1.1" 200 3081
[2026-09-19 17:41:57,535] INFO django.server basehttp: "GET /api/projects/?page_size=100 HTTP/1.1" 200 2654
[2026-09-19 17:42:35,542] INFO django.server basehttp: "POST /api/projects/ HTTP/1.1" 201 326
[2026-09-19 17:42:36,605] INFO django.server basehttp: "GET /api/projects/?page=1 HTTP/1.1" 200 2981
[2026-09-19 17:42:39,098] INFO django.server basehttp: "GET /api/tasks/?page=1 HTTP/1.1" 200 3081
[2026-09-19 17:42:39,346] INFO django.server basehttp: "GET /api/projects/?page_size=100 HTTP/1.1" 200 2981
[2026-09-19 17:42:39,403] INFO django.server basehttp: "GET /api/auth/users/active/ HTTP/1.1" 200 1398
[2026-09-19 17:42:44,450] INFO django.server basehttp: "GET /api/tasks/?project=7&page=1 HTTP/1.1" 200 52
[2026-09-19 17:42:49,295] INFO django.server basehttp: "GET /api/reports/tasks/?days=30 HTTP/1.1" 200 251
[2026-09-19 17:42:49,346] INFO django.server basehttp: "GET /api/reports/project-progress/ HTTP/1.1" 200 1094
[2026-09-19 17:43:48,215] INFO django.server basehttp: "GET /api/reports/tasks/?days=30 HTTP/1.1" 200 251
[2026-09-19 17:43:48,224] INFO django.server basehttp: "GET /api/reports/project-progress/ HTTP/1.1" 200 1094
[2026-09-19 17:43:49,612] INFO django.server basehttp: "GET /api/auth/users/active/ HTTP/1.1" 200 1398
[2026-09-19 17:43:49,696] INFO django.server basehttp: "GET /api/projects/?page_size=100 HTTP/1.1" 200 2981
[2026-09-19 17:43:49,702] INFO django.server basehttp: "GET /api/tasks/?page=1 HTTP/1.1" 200 3081
[2026-09-19 17:44:38,986] INFO django.server basehttp: "GET /api/projects/?page=1 HTTP/1.1" 200 2981
[2026-09-19 17:44:45,647] INFO django.server basehttp: "GET /api/projects/?page_size=100 HTTP/1.1" 200 2981
[2026-09-19 17:44:45,779] INFO django.server basehttp: "GET /api/tasks/?page=1 HTTP/1.1" 200 3081
[2026-09-19 17:44:45,850] INFO django.server basehttp: "GET /api/auth/users/active/ HTTP/1.1" 200 1398
[2026-09-19 17:45:36,601] INFO apps.tasks views: User=admin created task=implements api endpoint for mobile api
[2026-09-19 17:45:36,620] INFO django.server basehttp: "POST /api/tasks/ HTTP/1.1" 201 441
[2026-09-19 17:45:37,061] INFO django.server basehttp: "GET /api/tasks/?page=1 HTTP/1.1" 200 3523
[2026-09-19 17:45:37,128] INFO django.server basehttp: "GET /api/projects/?page_size=100 HTTP/1.1" 200 2981
[2026-09-19 17:45:47,268] INFO django.server basehttp: "PATCH /api/tasks/9/ HTTP/1.1" 200 445
[2026-09-19 17:45:47,750] INFO django.server basehttp: "GET /api/projects/?page_size=100 HTTP/1.1" 200 2981
[2026-09-19 17:45:47,831] INFO django.server basehttp: "GET /api/tasks/?page=1 HTTP/1.1" 200 3527
[2026-09-19 17:46:00,043] INFO django.server basehttp: "GET /api/auth/me/ HTTP/1.1" 200 197
[2026-09-19 17:46:00,600] INFO django.server basehttp: "GET /api/auth/me/ HTTP/1.1" 200 197
[2026-09-19 17:46:05,935] INFO django.server basehttp: "GET /api/auth/users/active/ HTTP/1.1" 200 1398
[2026-09-19 17:46:06,045] INFO django.server basehttp: "GET /api/projects/?page_size=100 HTTP/1.1" 200 2981
[2026-09-19 17:46:06,168] INFO django.server basehttp: "GET /api/tasks/?page=1 HTTP/1.1" 200 3527
[2026-09-19 17:46:23,361] INFO django.server basehttp: "PATCH /api/tasks/9/ HTTP/1.1" 200 441
[2026-09-19 17:46:23,853] INFO django.server basehttp: "GET /api/tasks/?page=1 HTTP/1.1" 200 3523
[2026-09-19 17:46:23,878] INFO django.server basehttp: "GET /api/projects/?page_size=100 HTTP/1.1" 200 2981
[2026-09-19 17:46:31,053] INFO django.server basehttp: "GET /api/tasks/?assigned_to=9&page=1 HTTP/1.1" 200 1369
[2026-09-19 17:46:42,485] INFO django.server basehttp: "GET /api/reports/tasks/?days=30 HTTP/1.1" 200 251
[2026-09-19 17:46:42,665] INFO django.server basehttp: "GET /api/reports/project-progress/ HTTP/1.1" 200 1094
[2026-09-19 17:46:50,379] INFO django.server basehttp: "GET /api/auth/users/active/ HTTP/1.1" 200 1398
[2026-09-19 17:46:50,520] INFO django.server basehttp: "GET /api/auth/users/ HTTP/1.1" 200 1448
[2026-09-19 17:47:40,083] INFO django.server basehttp: "PATCH /api/auth/users/12/ HTTP/1.1" 200 206
[2026-09-19 17:47:40,589] INFO django.server basehttp: "GET /api/auth/users/active/ HTTP/1.1" 200 1407
[2026-09-19 17:47:40,758] INFO django.server basehttp: "GET /api/auth/users/ HTTP/1.1" 200 1457
[2026-09-19 17:48:09,524] INFO apps.accounts views: User=admin logged out
[2026-09-19 17:48:09,534] INFO django.server basehttp: "POST /api/auth/logout/ HTTP/1.1" 204 0
[2026-09-19 17:48:19,588] INFO apps.accounts views: User=manager logged in
[2026-09-19 17:48:19,650] INFO django.server basehttp: "POST /api/auth/login/ HTTP/1.1" 200 702
[2026-09-19 17:48:21,649] INFO django.server basehttp: "GET /api/dashboard/summary/ HTTP/1.1" 200 2024
[2026-09-19 17:48:35,395] INFO django.server basehttp: "GET /api/projects/?page=1 HTTP/1.1" 200 2981
[2026-09-19 17:48:40,398] INFO django.server basehttp: "GET /api/projects/?status=planning&page=1 HTTP/1.1" 200 1034
[2026-09-19 17:48:42,269] INFO django.server basehttp: "GET /api/projects/?status=active&page=1 HTTP/1.1" 200 1998
[2026-09-19 17:48:44,081] INFO django.server basehttp: "GET /api/projects/?status=on_hold&page=1 HTTP/1.1" 200 52
[2026-09-19 17:48:45,422] INFO django.server basehttp: "GET /api/projects/?status=completed&page=1 HTTP/1.1" 200 52
[2026-09-19 17:48:56,936] INFO django.server basehttp: "GET /api/auth/users/active/ HTTP/1.1" 200 1407
[2026-09-19 17:48:56,982] INFO django.server basehttp: "GET /api/projects/?page_size=100 HTTP/1.1" 200 2981
[2026-09-19 17:48:57,383] INFO django.server basehttp: "GET /api/tasks/?page=1 HTTP/1.1" 200 3526
[2026-09-19 17:49:36,786] INFO django.server basehttp: "GET /api/reports/project-progress/ HTTP/1.1" 200 1094
[2026-09-19 17:49:36,790] INFO django.server basehttp: "GET /api/reports/tasks/?days=30 HTTP/1.1" 200 251
[2026-09-19 17:49:38,887] INFO django.server basehttp: "GET /api/auth/users/active/ HTTP/1.1" 200 1407
[2026-09-19 17:49:38,923] INFO django.server basehttp: "GET /api/tasks/?page=1 HTTP/1.1" 200 3526
[2026-09-19 17:49:39,008] INFO django.server basehttp: "GET /api/projects/?page_size=100 HTTP/1.1" 200 2981
[2026-09-19 17:49:42,285] INFO apps.accounts views: User=manager logged out
[2026-09-19 17:49:42,289] INFO django.server basehttp: "POST /api/auth/logout/ HTTP/1.1" 204 0
[2026-09-19 17:49:53,923] INFO apps.accounts views: User=arslan123 logged in
[2026-09-19 17:49:53,956] INFO django.server basehttp: "POST /api/auth/login/ HTTP/1.1" 200 699
[2026-09-19 17:49:54,544] INFO django.server basehttp: "GET /api/dashboard/summary/ HTTP/1.1" 200 2024
[2026-09-19 17:49:58,413] INFO django.server basehttp: "GET /api/projects/?page=1 HTTP/1.1" 200 2981
[2026-09-19 17:50:01,621] INFO django.server basehttp: "GET /api/tasks/?assigned_to=9&page=1 HTTP/1.1" 200 1369
[2026-09-19 17:50:08,831] INFO django.server basehttp: "GET /api/tasks/?assigned_to=11&page=1 HTTP/1.1" 200 483
[2026-09-19 17:50:15,787] INFO apps.accounts views: User=arslan123 logged out
[2026-09-19 17:50:15,811] INFO django.server basehttp: "POST /api/auth/logout/ HTTP/1.1" 204 0
[2026-09-19 17:50:26,560] INFO apps.accounts views: User=aliraza123 logged in
[2026-09-19 17:50:26,568] INFO django.server basehttp: "POST /api/auth/login/ HTTP/1.1" 200 696
[2026-09-19 17:50:27,382] INFO django.server basehttp: "GET /api/dashboard/summary/ HTTP/1.1" 200 2024
[2026-09-19 17:50:36,048] INFO django.server basehttp: "GET /api/projects/?page=1 HTTP/1.1" 200 2981
[2026-09-19 17:50:38,447] INFO django.server basehttp: "GET /api/tasks/?page=1 HTTP/1.1" 200 3526
[2026-09-19 17:50:38,481] INFO django.server basehttp: "GET /api/auth/users/active/ HTTP/1.1" 200 1407
[2026-09-19 17:50:38,557] INFO django.server basehttp: "GET /api/projects/?page_size=100 HTTP/1.1" 200 2981
[2026-09-19 17:50:39,957] INFO django.server basehttp: "GET /api/tasks/?assigned_to=11&page=1 HTTP/1.1" 200 483
[2026-09-19 17:50:53,521] INFO django.server basehttp: "PATCH /api/tasks/3/ HTTP/1.1" 200 443
[2026-09-19 17:50:53,830] INFO django.server basehttp: "GET /api/tasks/?assigned_to=11&page=1 HTTP/1.1" 200 495
[2026-09-19 17:50:54,016] INFO django.server basehttp: "GET /api/projects/?page_size=100 HTTP/1.1" 200 2981
[2026-09-19 17:51:00,876] INFO django.server basehttp: "GET /api/tasks/?assigned_to=9&page=1 HTTP/1.1" 200 1369
[2026-09-19 17:51:13,396] INFO apps.accounts views: User=aliraza123 logged out
[2026-09-19 17:51:13,419] INFO django.server basehttp: "POST /api/auth/logout/ HTTP/1.1" 204 0
[2026-09-19 17:51:22,383] INFO apps.accounts views: User=arslan123 logged in
[2026-09-19 17:51:22,391] INFO django.server basehttp: "POST /api/auth/login/ HTTP/1.1" 200 699
[2026-09-19 17:51:22,885] INFO django.server basehttp: "GET /api/dashboard/summary/ HTTP/1.1" 200 1942
[2026-09-19 17:51:26,633] INFO django.server basehttp: "GET /api/tasks/?page=1 HTTP/1.1" 200 3538
[2026-09-19 17:51:26,661] INFO django.server basehttp: "GET /api/auth/users/active/ HTTP/1.1" 200 1407
[2026-09-19 17:51:26,756] INFO django.server basehttp: "GET /api/projects/?page_size=100 HTTP/1.1" 200 2981
[2026-09-19 17:51:37,615] INFO django.server basehttp: "PATCH /api/tasks/9/ HTTP/1.1" 200 454
[2026-09-19 17:51:38,247] INFO django.server basehttp: "GET /api/tasks/?assigned_to=9&page=1 HTTP/1.1" 200 1382
[2026-09-19 17:51:38,348] INFO django.server basehttp: "GET /api/projects/?page_size=100 HTTP/1.1" 200 2983
[2026-09-19 17:51:54,018] INFO django.server basehttp: "GET /api/tasks/?assigned_to=10&page=1 HTTP/1.1" 200 483
[2026-09-19 17:51:58,561] WARNING django.server basehttp: "PATCH /api/tasks/4/ HTTP/1.1" 403 93
[2026-09-19 17:52:18,965] INFO apps.accounts views: User=arslan123 logged out
[2026-09-19 17:52:18,971] INFO django.server basehttp: "POST /api/auth/logout/ HTTP/1.1" 204 0
[2026-09-19 17:52:26,945] INFO apps.accounts views: User=admin logged in
[2026-09-19 17:52:26,952] INFO django.server basehttp: "POST /api/auth/login/ HTTP/1.1" 200 694
[2026-09-19 17:52:27,560] INFO django.server basehttp: "GET /api/dashboard/summary/ HTTP/1.1" 200 1869
[2026-09-19 17:52:35,628] INFO django.server basehttp: "GET /api/docs/ HTTP/1.1" 200 4649
[2026-09-19 17:52:37,686] INFO django.server basehttp: "GET /api/schema/ HTTP/1.1" 200 87908
[2026-09-19 17:53:34,605] INFO apps.accounts views: New account created: newuser1
[2026-09-19 17:53:34,650] INFO django.server basehttp: "POST /api/auth/register/ HTTP/1.1" 201 692
[2026-09-19 17:54:06,567] INFO django.server basehttp: "GET /api/auth/me/ HTTP/1.1" 200 197
[2026-09-19 17:54:07,037] INFO django.server basehttp: "GET /api/auth/me/ HTTP/1.1" 200 197
[2026-09-19 17:54:17,635] INFO django.server basehttp: "GET /api/dashboard/summary/ HTTP/1.1" 200 1862
[2026-09-19 17:54:24,885] INFO django.server basehttp: "GET /api/auth/users/ HTTP/1.1" 200 1651
[2026-09-19 17:54:25,008] INFO django.server basehttp: "GET /api/auth/users/active/ HTTP/1.1" 200 1601
[2026-09-19 17:56:36,821] INFO django.server basehttp: "GET /api/dashboard/summary/ HTTP/1.1" 200 1862
[2026-09-19 17:56:37,240] INFO django.server basehttp: "GET /api/projects/?page=1 HTTP/1.1" 200 2983
[2026-09-19 17:56:53,019] INFO django.server basehttp: "GET /api/projects/?status=completed&page=1 HTTP/1.1" 200 52
[2026-09-19 17:57:01,490] INFO django.server basehttp: "GET /api/reports/tasks/?days=30 HTTP/1.1" 200 253
[2026-09-19 17:57:02,050] INFO django.server basehttp: "GET /api/reports/project-progress/ HTTP/1.1" 200 1096
[2026-09-19 17:57:04,479] INFO django.server basehttp: "GET /api/auth/users/active/ HTTP/1.1" 200 1601
[2026-09-19 17:57:04,511] INFO django.server basehttp: "GET /api/auth/users/ HTTP/1.1" 200 1651
[2026-09-19 17:57:12,557] INFO apps.accounts views: User=admin logged out
[2026-09-19 17:57:12,590] INFO django.server basehttp: "POST /api/auth/logout/ HTTP/1.1" 204 0
[2026-09-19 18:04:21,564] INFO apps.accounts views: User=admin logged in
[2026-09-19 18:04:21,587] INFO django.server basehttp: "POST /api/auth/login/ HTTP/1.1" 200 694
[2026-09-19 18:04:21,914] INFO django.server basehttp: "GET /api/dashboard/summary/ HTTP/1.1" 200 1862
[2026-09-19 18:04:23,447] INFO django.server basehttp: "GET /api/auth/users/ HTTP/1.1" 200 1651
[2026-09-19 18:04:23,464] INFO django.server basehttp: "GET /api/auth/users/active/ HTTP/1.1" 200 1601
[2026-09-19 18:04:27,372] INFO apps.accounts views: Admin=admin deleted user=newuser1
[2026-09-19 18:04:27,372] INFO django.server basehttp: "DELETE /api/auth/users/14/ HTTP/1.1" 204 0
[2026-09-19 18:04:27,508] INFO django.server basehttp: "GET /api/auth/users/active/ HTTP/1.1" 200 1407
[2026-09-19 18:04:27,508] INFO django.server basehttp: "GET /api/auth/users/ HTTP/1.1" 200 1457
[2026-09-19 18:05:07,192] INFO django.server basehttp: "GET /api/auth/me/ HTTP/1.1" 200 197
[2026-09-19 18:05:07,340] INFO django.server basehttp: "GET /api/auth/me/ HTTP/1.1" 200 197
[2026-09-19 18:05:08,958] INFO django.server basehttp: "GET /api/dashboard/summary/ HTTP/1.1" 200 1862
[2026-09-19 18:05:18,127] INFO apps.accounts views: User=admin logged out
[2026-09-19 18:05:18,129] INFO django.server basehttp: "POST /api/auth/logout/ HTTP/1.1" 204 0
[2026-09-19 18:20:10,293] INFO apps.accounts views: User=admin logged in
[2026-09-19 18:20:10,480] INFO django.server basehttp: "POST /api/auth/login/ HTTP/1.1" 200 694
[2026-09-19 18:20:11,888] INFO django.server basehttp: "GET /api/dashboard/summary/ HTTP/1.1" 200 1856
[2026-09-19 18:20:28,568] INFO django.server basehttp: "GET /api/projects/?page=1 HTTP/1.1" 200 2983
[2026-09-19 18:20:31,190] INFO django.server basehttp: "GET /api/tasks/?page=1 HTTP/1.1" 200 3551
[2026-09-19 18:20:31,318] INFO django.server basehttp: "GET /api/projects/?page_size=100 HTTP/1.1" 200 2983
[2026-09-19 18:20:31,373] INFO django.server basehttp: "GET /api/auth/users/active/ HTTP/1.1" 200 1407
[2026-09-19 18:20:33,208] INFO django.server basehttp: "GET /api/reports/project-progress/ HTTP/1.1" 200 1096
[2026-09-19 18:20:33,440] INFO django.server basehttp: "GET /api/reports/tasks/?days=30 HTTP/1.1" 200 253
[2026-09-19 18:20:34,901] INFO django.server basehttp: "GET /api/auth/users/ HTTP/1.1" 200 1457
[2026-09-19 18:20:46,074] INFO django.server basehttp: "GET /api/dashboard/summary/ HTTP/1.1" 200 1856
[2026-09-19 18:21:22,507] INFO django.server basehttp: "POST /api/projects/ HTTP/1.1" 201 354
[2026-09-19 18:21:22,907] INFO django.server basehttp: "GET /api/projects/?page=1 HTTP/1.1" 200 3338
[2026-09-19 18:21:33,688] INFO django.server basehttp: "GET /api/projects/?page_size=100 HTTP/1.1" 200 3338
[2026-09-19 18:21:33,783] INFO django.server basehttp: "GET /api/auth/users/active/ HTTP/1.1" 200 1407
[2026-09-19 18:21:33,918] INFO django.server basehttp: "GET /api/tasks/?page=1 HTTP/1.1" 200 3551
[2026-09-19 18:21:39,015] INFO django.server basehttp: "GET /api/tasks/?project=8&page=1 HTTP/1.1" 200 52
[2026-09-19 18:22:16,147] INFO apps.tasks views: User=admin created task=implement the authentication
[2026-09-19 18:22:16,151] INFO django.server basehttp: "POST /api/tasks/ HTTP/1.1" 201 452
[2026-09-19 18:22:16,695] INFO django.server basehttp: "GET /api/tasks/?page=1 HTTP/1.1" 200 4004
[2026-09-19 18:22:16,776] INFO django.server basehttp: "GET /api/projects/?page_size=100 HTTP/1.1" 200 3338
[2026-09-19 18:22:27,503] INFO django.server basehttp: "PATCH /api/tasks/10/ HTTP/1.1" 200 447
[2026-09-19 18:22:27,803] INFO django.server basehttp: "GET /api/tasks/?page=1 HTTP/1.1" 200 3999
[2026-09-19 18:22:28,145] INFO django.server basehttp: "GET /api/projects/?page_size=100 HTTP/1.1" 200 3338
[2026-09-19 18:22:36,436] INFO django.server basehttp: "PATCH /api/tasks/10/ HTTP/1.1" 200 450
[2026-09-19 18:22:37,140] INFO django.server basehttp: "GET /api/tasks/?page=1 HTTP/1.1" 200 4002
[2026-09-19 18:22:37,276] INFO django.server basehttp: "GET /api/projects/?page_size=100 HTTP/1.1" 200 3338
[2026-09-19 18:22:40,531] INFO django.server basehttp: "GET /api/tasks/?assigned_to=9&page=1 HTTP/1.1" 200 1833
[2026-09-19 18:22:41,046] INFO django.server basehttp: "GET /api/auth/users/active/ HTTP/1.1" 200 1407
[2026-09-19 18:22:59,377] INFO django.server basehttp: "PATCH /api/tasks/7/ HTTP/1.1" 200 436
[2026-09-19 18:22:59,836] INFO django.server basehttp: "GET /api/tasks/?assigned_to=9&page=1 HTTP/1.1" 200 1833
[2026-09-19 18:23:00,212] INFO django.server basehttp: "GET /api/projects/?page_size=100 HTTP/1.1" 200 3338
[2026-09-19 18:23:05,801] INFO django.server basehttp: "PATCH /api/tasks/7/ HTTP/1.1" 200 436
[2026-09-19 18:23:06,311] INFO django.server basehttp: "GET /api/projects/?page_size=100 HTTP/1.1" 200 3338
[2026-09-19 18:23:06,312] INFO django.server basehttp: "GET /api/tasks/?assigned_to=9&page=1 HTTP/1.1" 200 1833
[2026-09-19 18:23:17,298] INFO django.server basehttp: "PATCH /api/tasks/5/ HTTP/1.1" 200 437
[2026-09-19 18:23:17,960] INFO django.server basehttp: "GET /api/tasks/?assigned_to=9&page=1 HTTP/1.1" 200 1832
[2026-09-19 18:23:18,030] INFO django.server basehttp: "GET /api/projects/?page_size=100 HTTP/1.1" 200 3338
[2026-09-19 18:23:24,791] INFO django.server basehttp: "GET /api/tasks/?page=1 HTTP/1.1" 200 4001
[2026-09-19 18:23:26,233] INFO django.server basehttp: "GET /api/reports/project-progress/ HTTP/1.1" 200 1294
[2026-09-19 18:23:26,315] INFO django.server basehttp: "GET /api/reports/tasks/?days=30 HTTP/1.1" 200 253
[2026-09-19 18:23:27,027] INFO django.server basehttp: "GET /api/auth/users/active/ HTTP/1.1" 200 1407
[2026-09-19 18:23:27,064] INFO django.server basehttp: "GET /api/auth/users/ HTTP/1.1" 200 1457
[2026-09-19 18:23:33,795] INFO apps.accounts views: User=admin logged out
[2026-09-19 18:23:33,813] INFO django.server basehttp: "POST /api/auth/logout/ HTTP/1.1" 204 0
[2026-09-19 18:23:42,347] INFO apps.accounts views: User=manager logged in
[2026-09-19 18:23:42,363] INFO django.server basehttp: "POST /api/auth/login/ HTTP/1.1" 200 702
[2026-09-19 18:23:42,873] INFO django.server basehttp: "GET /api/dashboard/summary/ HTTP/1.1" 200 1936
[2026-09-19 18:23:53,438] INFO django.server basehttp: "GET /api/projects/?page=1 HTTP/1.1" 200 3338
[2026-09-19 18:23:56,323] INFO django.server basehttp: "GET /api/tasks/?page=1 HTTP/1.1" 200 4001
[2026-09-19 18:23:56,659] INFO django.server basehttp: "GET /api/projects/?page_size=100 HTTP/1.1" 200 3338
[2026-09-19 18:23:58,388] INFO django.server basehttp: "GET /api/tasks/?status=in_progress&page=1 HTTP/1.1" 200 912
[2026-09-19 18:23:58,862] INFO django.server basehttp: "GET /api/auth/users/active/ HTTP/1.1" 200 1407
[2026-09-19 18:24:04,022] INFO django.server basehttp: "GET /api/tasks/?priority=low&page=1 HTTP/1.1" 200 483
[2026-09-19 18:24:12,994] INFO django.server basehttp: "GET /api/tasks/?assigned_to=9&page=1 HTTP/1.1" 200 1832
[2026-09-19 18:24:22,508] INFO django.server basehttp: "GET /api/reports/project-progress/ HTTP/1.1" 200 1294
[2026-09-19 18:24:22,606] INFO django.server basehttp: "GET /api/reports/tasks/?days=30 HTTP/1.1" 200 253
[2026-09-19 18:24:35,708] INFO apps.accounts views: User=manager logged out
[2026-09-19 18:24:35,712] INFO django.server basehttp: "POST /api/auth/logout/ HTTP/1.1" 204 0
[2026-09-19 18:26:34,362] INFO apps.accounts views: New account created: demouser1
[2026-09-19 18:26:34,370] INFO django.server basehttp: "POST /api/auth/register/ HTTP/1.1" 201 694
[2026-09-19 18:26:35,349] INFO django.server basehttp: "GET /api/dashboard/summary/ HTTP/1.1" 200 1944
[2026-09-19 18:26:38,946] INFO django.server basehttp: "GET /api/projects/?page_size=100 HTTP/1.1" 200 3338
[2026-09-19 18:26:39,145] INFO django.server basehttp: "GET /api/projects/?page=1 HTTP/1.1" 200 3338
[2026-09-19 18:26:39,247] INFO django.server basehttp: "GET /api/tasks/?page=1 HTTP/1.1" 200 4001
[2026-09-19 18:26:39,249] INFO django.server basehttp: "GET /api/auth/users/active/ HTTP/1.1" 200 1603
[2026-09-19 18:26:50,644] INFO django.server basehttp: "GET /api/tasks/?assigned_to=15&page=1 HTTP/1.1" 200 52
[2026-09-19 18:26:59,390] INFO apps.accounts views: User=demouser1 logged out
[2026-09-19 18:26:59,396] INFO django.server basehttp: "POST /api/auth/logout/ HTTP/1.1" 204 0
[2026-09-19 18:27:06,353] INFO apps.accounts views: User=admin logged in
[2026-09-19 18:27:06,361] INFO django.server basehttp: "POST /api/auth/login/ HTTP/1.1" 200 694
[2026-09-19 18:27:06,927] INFO django.server basehttp: "GET /api/dashboard/summary/ HTTP/1.1" 200 1944
[2026-09-19 18:27:11,878] INFO django.server basehttp: "GET /api/projects/?page_size=100 HTTP/1.1" 200 3338
[2026-09-19 18:27:12,178] INFO django.server basehttp: "GET /api/auth/users/active/ HTTP/1.1" 200 1603
[2026-09-19 18:27:12,187] INFO django.server basehttp: "GET /api/tasks/?page=1 HTTP/1.1" 200 4001
[2026-09-19 18:27:21,550] INFO django.server basehttp: "PATCH /api/tasks/8/ HTTP/1.1" 200 441
[2026-09-19 18:27:21,988] INFO django.server basehttp: "GET /api/tasks/?page=1 HTTP/1.1" 200 3998
[2026-09-19 18:27:22,267] INFO django.server basehttp: "GET /api/projects/?page_size=100 HTTP/1.1" 200 3338
[2026-09-19 18:27:31,540] INFO django.server basehttp: "PATCH /api/tasks/8/ HTTP/1.1" 200 439
[2026-09-19 18:27:32,132] INFO django.server basehttp: "GET /api/tasks/?page=1 HTTP/1.1" 200 3996
[2026-09-19 18:27:32,316] INFO django.server basehttp: "GET /api/projects/?page_size=100 HTTP/1.1" 200 3338
[2026-09-19 18:27:39,114] INFO django.server basehttp: "GET /api/auth/users/ HTTP/1.1" 200 1653
[2026-09-19 18:28:09,662] INFO django.server basehttp: "PATCH /api/auth/users/15/ HTTP/1.1" 200 192
[2026-09-19 18:28:10,095] INFO django.server basehttp: "GET /api/auth/users/active/ HTTP/1.1" 200 1600
[2026-09-19 18:28:10,133] INFO django.server basehttp: "GET /api/auth/users/ HTTP/1.1" 200 1650
[2026-09-19 18:28:18,907] INFO apps.accounts views: Admin=admin deleted user=demouser1
[2026-09-19 18:28:18,918] INFO django.server basehttp: "DELETE /api/auth/users/15/ HTTP/1.1" 204 0
[2026-09-19 18:28:19,321] INFO django.server basehttp: "GET /api/auth/users/active/ HTTP/1.1" 200 1407
[2026-09-19 18:28:19,397] INFO django.server basehttp: "GET /api/auth/users/ HTTP/1.1" 200 1457
[2026-09-19 18:30:30,926] INFO django.server basehttp: "GET /api/docs/ HTTP/1.1" 200 4649
[2026-09-19 18:30:40,461] INFO django.server basehttp: "GET /api/schema/ HTTP/1.1" 200 87908
[2026-09-19 18:31:43,167] INFO apps.accounts views: New account created: wiliams
[2026-09-19 18:31:43,238] INFO django.server basehttp: "POST /api/auth/register/ HTTP/1.1" 201 699
[2026-09-19 18:32:08,474] INFO django.server basehttp: "GET /api/auth/me/ HTTP/1.1" 200 197
[2026-09-19 18:32:08,799] INFO django.server basehttp: "GET /api/auth/me/ HTTP/1.1" 200 197
[2026-09-19 18:32:35,225] INFO django.server basehttp: "GET /api/dashboard/summary/ HTTP/1.1" 200 1871
[2026-09-19 18:32:56,629] INFO django.server basehttp: "GET /api/auth/users/ HTTP/1.1" 200 1658
[2026-09-19 18:32:56,905] INFO django.server basehttp: "GET /api/auth/users/active/ HTTP/1.1" 200 1608
[2026-09-19 18:33:09,812] INFO django.server basehttp: "GET /api/reports/project-progress/ HTTP/1.1" 200 1294
[2026-09-19 18:33:09,891] INFO django.server basehttp: "GET /api/reports/tasks/?days=30 HTTP/1.1" 200 253
[2026-09-19 18:33:12,339] INFO django.server basehttp: "GET /api/tasks/?page=1 HTTP/1.1" 200 3991
[2026-09-19 18:33:12,454] INFO django.server basehttp: "GET /api/projects/?page_size=100 HTTP/1.1" 200 3338
[2026-09-19 18:33:14,171] INFO django.server basehttp: "GET /api/projects/?page=1 HTTP/1.1" 200 3338
[2026-09-19 18:34:05,402] INFO django.server basehttp: "DELETE /api/projects/8/ HTTP/1.1" 204 0
[2026-09-19 18:34:06,020] INFO django.server basehttp: "GET /api/projects/?page=1 HTTP/1.1" 200 2983
[2026-09-19 18:34:15,889] INFO apps.projects views: User=admin updated project=Mobile App released
[2026-09-19 18:34:15,973] INFO django.server basehttp: "PATCH /api/projects/5/ HTTP/1.1" 200 342
[2026-09-19 18:34:16,589] INFO django.server basehttp: "GET /api/projects/?page=1 HTTP/1.1" 200 2984
[2026-09-19 18:34:27,507] INFO django.server basehttp: "GET /api/auth/users/active/ HTTP/1.1" 200 1608
[2026-09-19 18:34:28,201] INFO django.server basehttp: "GET /api/tasks/?page=1 HTTP/1.1" 200 3540
[2026-09-19 18:34:28,414] INFO django.server basehttp: "GET /api/projects/?page_size=100 HTTP/1.1" 200 2984
[2026-09-19 18:34:28,657] INFO django.server basehttp: "GET /api/reports/tasks/?days=30 HTTP/1.1" 200 253
[2026-09-19 18:34:29,125] INFO django.server basehttp: "GET /api/reports/project-progress/ HTTP/1.1" 200 1097
[2026-09-19 18:34:30,875] INFO django.server basehttp: "GET /api/auth/users/ HTTP/1.1" 200 1658
[2026-09-19 18:34:38,602] INFO apps.accounts views: User=admin logged out
[2026-09-19 18:34:38,605] INFO django.server basehttp: "POST /api/auth/logout/ HTTP/1.1" 204 0
